// Jest Snapshot v1, https://goo.gl/fbAQLP

exports[`Card should match snapshot 1`] = `
<article
  className="card-wrapper"
>
  <article
    className="figure"
  >
    <img
      alt="Luke"
      className="card-image"
    />
    <section
      className="caption"
    >
      <div
        className="card-header"
      >
        <h2
          className="card-title"
        >
          Luke
        </h2>
        <div
          className="favorite-icon"
        />
      </div>
      <div
        className="card-content"
      >
        <p
          key="homeworld"
        >
          homeworld
          : 
          <span>
            Earch
          </span>
        </p>
        <p
          key="language"
        >
          language
          : 
          <span>
            English
          </span>
        </p>
        <p
          key="species"
        >
          species
          : 
          <span>
            Human
          </span>
        </p>
        <p
          key="population"
        >
          population
          : 
          <span>
            billions
          </span>
        </p>
        <div
          className="icon-wrapper"
          onClick={[Function]}
        >
          <i
            className="fab fa-jedi-order favorite-icon "
          />
        </div>
      </div>
    </section>
  </article>
</article>
`;
