// Jest Snapshot v1, https://goo.gl/fbAQLP

exports[`Card should match snapshot 1`] = `
<article
  className="card"
>
  <section
    className="front"
  >
    <img
      alt="Luke"
      className="portrait"
    />
  </section>
  <section
    className="back"
  >
    <div
      className="card-header"
    >
      <h2>
        Luke
      </h2>
      <div
        className="favorite-toggle"
        onClick={[Function]}
      >
         
      </div>
    </div>
    <div
      className="card-stats"
    >
      <p
        key="homeworld"
      >
        homeworld
        : 
        <span>
          Earch
        </span>
      </p>
      <p
        key="language"
      >
        language
        : 
        <span>
          English
        </span>
      </p>
      <p
        key="species"
      >
        species
        : 
        <span>
          Human
        </span>
      </p>
      <p
        key="population"
      >
        population
        : 
        <span>
          billions
        </span>
      </p>
    </div>
  </section>
</article>
`;
