// Jest Snapshot v1, https://goo.gl/fbAQLP

exports[`Briefing should match the snapshot 1`] = `
<section
  aria-label="mission-briefing"
>
  <h2>
    Situation Briefing
  </h2>
  <p
    className="crawl-text"
  >
    test
  </p>
  <p
    className="smol-text"
  >
    Briefing Title: 
    <span>
      test
    </span>
  </p>
  <p
    className="smol-text"
  >
    Galaxy Date: 
    <span>
      test
    </span>
  </p>
</section>
`;
