// Jest Snapshot v1, https://goo.gl/fbAQLP

exports[`Briefing should match the snapshot 1`] = `
<section>
  <h2>
    Situation Briefing
  </h2>
  <p />
  <p
    className="smol-text"
  >
    Briefing Title: 
    <span />
  </p>
  <p
    className="smol-text"
  >
    Galaxy Date: 
    <span />
  </p>
</section>
`;
