// Jest Snapshot v1, https://goo.gl/fbAQLP

exports[`Crawl should match snapshot 1`] = `
<aside
  aria-label="landing-screen"
  onClick={[Function]}
>
  <section
    className="header-section"
  >
    <div
      className="header-logo-wrapper"
    >
      <i
        className="fab fa-jedi-order header-logo"
      />
    </div>
  </section>
  <main
    className="main-landing-section  "
  >
    <section
      className="landing-loading"
    >
      <h3>
        Imprint thumb to connect
      </h3>
    </section>
    <h3
      className="securing "
      data-text="Securing connection..."
    >
      Securing connection...
    </h3>
    <h3
      className="handshake "
      data-text="Handshake successful!"
    >
      Handshake successful.
    </h3>
    <h3
      className="welcome "
      data-text="Welcome, Master Jedi"
    >
      Welcome, Master Jedi.
    </h3>
    <div
      className="thumbprint "
      onClick={[Function]}
    >
      <img
        alt="fingerprint"
        src="./fingerprint.png"
      />
    </div>
    <h2
      className="briefing "
      data-text="Tap to receive briefing"
    >
      Tap to receive briefing
    </h2>
  </main>
  <main
    aria-label="post-login-screen"
    className="crawl-text-wrapper "
  >
    <Briefing />
  </main>
  <ErrorPage
    errorState=""
  />
</aside>
`;
