// Jest Snapshot v1, https://goo.gl/fbAQLP

exports[`Crawl should match snapshot 1`] = `
<aside>
  <section
    className="crawl-container"
  >
    <div
      className="crawl-header"
    >
      <h1
        className="crawl-episode"
      >
        EPISODE 
      </h1>
      <h1
        className="crawl-title"
      />
    </div>
    <p
      className="crawl-text"
    />
    <p
      className="crawl-date"
    />
  </section>
</aside>
`;
