// Jest Snapshot v1, https://goo.gl/fbAQLP

exports[`CardContainer should match snapshot 1`] = `
<div
  aria-label="card-container"
  className="card-container"
>
  <Card
    data={
      Object {
        "info": Array [
          Object {
            "homeworld": "Earch",
          },
          Object {
            "language": "English",
          },
          Object {
            "species": "Human",
          },
          Object {
            "population": "billions",
          },
        ],
        "name": "Luke",
      }
    }
    key="Luke"
    toggleFavorite={[MockFunction]}
  />
  <CardCenterpiece
    selection="people"
    totalFavorites={3}
  />
</div>
`;

exports[`CardContainer should render Error if error is true 1`] = `
<div
  aria-label="card-container"
  className="card-container"
>
  <Card
    data={
      Object {
        "info": Array [
          Object {
            "homeworld": "Earch",
          },
          Object {
            "language": "English",
          },
          Object {
            "species": "Human",
          },
          Object {
            "population": "billions",
          },
        ],
        "name": "Luke",
      }
    }
    key="Luke"
    toggleFavorite={[MockFunction]}
  />
  <CardCenterpiece
    selection="people"
    totalFavorites={3}
  />
</div>
`;

exports[`CardContainer should render Loading if loading is true 1`] = `
<div
  aria-label="card-container"
  className="card-container"
>
  <Card
    data={
      Object {
        "info": Array [
          Object {
            "homeworld": "Earch",
          },
          Object {
            "language": "English",
          },
          Object {
            "species": "Human",
          },
          Object {
            "population": "billions",
          },
        ],
        "name": "Luke",
      }
    }
    key="Luke"
    toggleFavorite={[MockFunction]}
  />
  <CardCenterpiece
    selection="people"
    totalFavorites={3}
  />
</div>
`;
